
Error [ERR_IPC_DISCONNECTED]: IPC channel is already disconnected
    at target.disconnect (node:internal/child_process:905:26)
    at QueryProcessWrapper.destroy (C:\Users\Miki Brock\Desktop\showdown-lite\dist\lib\process-manager.js:209:18)
    at QueryProcessWrapper.release (C:\Users\Miki Brock\Desktop\showdown-lite\dist\lib\process-manager.js:197:12)
    at SQLDatabaseManager.releaseCrashed (C:\Users\Miki Brock\Desktop\showdown-lite\dist\lib\process-manager.js:412:19)
    at ChildProcess.<anonymous> (C:\Users\Miki Brock\Desktop\showdown-lite\dist\lib\process-manager.js:471:50)
    at ChildProcess.emit (node:events:518:28)
    at ChildProcess.emit (node:domain:488:12)
    at finish (node:internal/child_process:935:14)
    at process.processTicksAndRejections (node:internal/process/task_queues:77:11)

Error [ERR_IPC_DISCONNECTED]: IPC channel is already disconnected
    at target.disconnect (node:internal/child_process:905:26)
    at QueryProcessWrapper.destroy (C:\Users\Miki Brock\Desktop\showdown-lite\dist\lib\process-manager.js:209:18)
    at QueryProcessWrapper.release (C:\Users\Miki Brock\Desktop\showdown-lite\dist\lib\process-manager.js:197:12)
    at QueryProcessManager.releaseCrashed (C:\Users\Miki Brock\Desktop\showdown-lite\dist\lib\process-manager.js:412:19)
    at ChildProcess.<anonymous> (C:\Users\Miki Brock\Desktop\showdown-lite\dist\lib\process-manager.js:471:50)
    at ChildProcess.emit (node:events:518:28)
    at ChildProcess.emit (node:domain:488:12)
    at finish (node:internal/child_process:935:14)
    at process.processTicksAndRejections (node:internal/process/task_queues:77:11)

Error [ERR_IPC_DISCONNECTED]: IPC channel is already disconnected
    at target.disconnect (node:internal/child_process:905:26)
    at QueryProcessWrapper.destroy (C:\Users\Miki Brock\Desktop\showdown-lite\dist\lib\process-manager.js:209:18)
    at QueryProcessWrapper.release (C:\Users\Miki Brock\Desktop\showdown-lite\dist\lib\process-manager.js:197:12)
    at QueryProcessManager.releaseCrashed (C:\Users\Miki Brock\Desktop\showdown-lite\dist\lib\process-manager.js:412:19)
    at ChildProcess.<anonymous> (C:\Users\Miki Brock\Desktop\showdown-lite\dist\lib\process-manager.js:471:50)
    at ChildProcess.emit (node:events:518:28)
    at ChildProcess.emit (node:domain:488:12)
    at finish (node:internal/child_process:935:14)
    at process.processTicksAndRejections (node:internal/process/task_queues:77:11)

Error [ERR_IPC_DISCONNECTED]: IPC channel is already disconnected
    at target.disconnect (node:internal/child_process:905:26)
    at QueryProcessWrapper.destroy (C:\Users\Miki Brock\Desktop\showdown-lite\dist\lib\process-manager.js:209:18)
    at QueryProcessWrapper.release (C:\Users\Miki Brock\Desktop\showdown-lite\dist\lib\process-manager.js:197:12)
    at QueryProcessManager.releaseCrashed (C:\Users\Miki Brock\Desktop\showdown-lite\dist\lib\process-manager.js:412:19)
    at ChildProcess.<anonymous> (C:\Users\Miki Brock\Desktop\showdown-lite\dist\lib\process-manager.js:471:50)
    at ChildProcess.emit (node:events:518:28)
    at ChildProcess.emit (node:domain:488:12)
    at finish (node:internal/child_process:935:14)
    at process.processTicksAndRejections (node:internal/process/task_queues:77:11)

TypeError: Cannot read properties of null (reading 'then')
    at RawProcessManager.releaseCrashed (C:\Users\Miki Brock\Desktop\showdown-lite\dist\lib\process-manager.js:412:28)
    at Worker.<anonymous> (C:\Users\Miki Brock\Desktop\showdown-lite\dist\lib\process-manager.js:471:50)
    at Worker.emit (node:events:518:28)
    at Worker.emit (node:domain:488:12)
    at ChildProcess.<anonymous> (node:internal/cluster/primary:209:12)
    at Object.onceWrapper (node:events:632:28)
    at ChildProcess.emit (node:events:518:28)
    at ChildProcess.emit (node:domain:488:12)
    at finish (node:internal/child_process:935:14)
    at process.processTicksAndRejections (node:internal/process/task_queues:77:11)

Error [ERR_IPC_DISCONNECTED]: IPC channel is already disconnected
    at target.disconnect (node:internal/child_process:905:26)
    at QueryProcessWrapper.destroy (C:\Users\Miki Brock\Desktop\showdown-lite\dist\lib\process-manager.js:209:18)
    at QueryProcessWrapper.release (C:\Users\Miki Brock\Desktop\showdown-lite\dist\lib\process-manager.js:197:12)
    at QueryProcessManager.releaseCrashed (C:\Users\Miki Brock\Desktop\showdown-lite\dist\lib\process-manager.js:412:19)
    at ChildProcess.<anonymous> (C:\Users\Miki Brock\Desktop\showdown-lite\dist\lib\process-manager.js:471:50)
    at ChildProcess.emit (node:events:518:28)
    at ChildProcess.emit (node:domain:488:12)
    at finish (node:internal/child_process:935:14)
    at process.processTicksAndRejections (node:internal/process/task_queues:77:11)

Error: Process room-battle.js 16856 crashed and had to be restarted
    at StreamProcessManager.releaseCrashed (C:\Users\Miki Brock\Desktop\showdown-lite\dist\lib\process-manager.js:427:7)
    at ChildProcess.<anonymous> (C:\Users\Miki Brock\Desktop\showdown-lite\dist\lib\process-manager.js:471:50)
    at ChildProcess.emit (node:events:518:28)
    at ChildProcess.emit (node:domain:488:12)
    at finish (node:internal/child_process:935:14)
    at process.processTicksAndRejections (node:internal/process/task_queues:77:11)

Error [ERR_IPC_DISCONNECTED]: IPC channel is already disconnected
    at target.disconnect (node:internal/child_process:905:26)
    at QueryProcessWrapper.destroy (C:\Users\Miki Brock\Desktop\showdown-lite\dist\lib\process-manager.js:209:18)
    at QueryProcessWrapper.release (C:\Users\Miki Brock\Desktop\showdown-lite\dist\lib\process-manager.js:197:12)
    at SQLDatabaseManager.releaseCrashed (C:\Users\Miki Brock\Desktop\showdown-lite\dist\lib\process-manager.js:412:19)
    at ChildProcess.<anonymous> (C:\Users\Miki Brock\Desktop\showdown-lite\dist\lib\process-manager.js:471:50)
    at ChildProcess.emit (node:events:518:28)
    at ChildProcess.emit (node:domain:488:12)
    at finish (node:internal/child_process:935:14)
    at process.processTicksAndRejections (node:internal/process/task_queues:77:11)

Error [ERR_IPC_DISCONNECTED]: IPC channel is already disconnected
    at target.disconnect (node:internal/child_process:905:26)
    at QueryProcessWrapper.destroy (C:\Users\Miki Brock\Desktop\showdown-lite\dist\lib\process-manager.js:209:18)
    at QueryProcessWrapper.release (C:\Users\Miki Brock\Desktop\showdown-lite\dist\lib\process-manager.js:197:12)
    at QueryProcessManager.releaseCrashed (C:\Users\Miki Brock\Desktop\showdown-lite\dist\lib\process-manager.js:412:19)
    at ChildProcess.<anonymous> (C:\Users\Miki Brock\Desktop\showdown-lite\dist\lib\process-manager.js:471:50)
    at ChildProcess.emit (node:events:518:28)
    at ChildProcess.emit (node:domain:488:12)
    at finish (node:internal/child_process:935:14)
    at process.processTicksAndRejections (node:internal/process/task_queues:77:11)

Error [ERR_IPC_DISCONNECTED]: IPC channel is already disconnected
    at target.disconnect (node:internal/child_process:905:26)
    at StreamProcessWrapper.destroy (C:\Users\Miki Brock\Desktop\showdown-lite\dist\lib\process-manager.js:310:18)
    at StreamProcessWrapper.release (C:\Users\Miki Brock\Desktop\showdown-lite\dist\lib\process-manager.js:298:17)
    at StreamProcessManager.releaseCrashed (C:\Users\Miki Brock\Desktop\showdown-lite\dist\lib\process-manager.js:412:19)
    at ChildProcess.<anonymous> (C:\Users\Miki Brock\Desktop\showdown-lite\dist\lib\process-manager.js:471:50)
    at ChildProcess.emit (node:events:518:28)
    at ChildProcess.emit (node:domain:488:12)
    at finish (node:internal/child_process:935:14)
    at process.processTicksAndRejections (node:internal/process/task_queues:77:11)

Error [ERR_IPC_DISCONNECTED]: IPC channel is already disconnected
    at target.disconnect (node:internal/child_process:905:26)
    at QueryProcessWrapper.destroy (C:\Users\Miki Brock\Desktop\showdown-lite\dist\lib\process-manager.js:209:18)
    at QueryProcessWrapper.release (C:\Users\Miki Brock\Desktop\showdown-lite\dist\lib\process-manager.js:197:12)
    at SQLDatabaseManager.releaseCrashed (C:\Users\Miki Brock\Desktop\showdown-lite\dist\lib\process-manager.js:412:19)
    at ChildProcess.<anonymous> (C:\Users\Miki Brock\Desktop\showdown-lite\dist\lib\process-manager.js:471:50)
    at ChildProcess.emit (node:events:518:28)
    at ChildProcess.emit (node:domain:488:12)
    at finish (node:internal/child_process:935:14)
    at process.processTicksAndRejections (node:internal/process/task_queues:77:11)

Error [ERR_IPC_DISCONNECTED]: IPC channel is already disconnected
    at target.disconnect (node:internal/child_process:905:26)
    at QueryProcessWrapper.destroy (C:\Users\Miki Brock\Desktop\showdown-lite\dist\lib\process-manager.js:209:18)
    at QueryProcessWrapper.release (C:\Users\Miki Brock\Desktop\showdown-lite\dist\lib\process-manager.js:197:12)
    at QueryProcessManager.releaseCrashed (C:\Users\Miki Brock\Desktop\showdown-lite\dist\lib\process-manager.js:412:19)
    at ChildProcess.<anonymous> (C:\Users\Miki Brock\Desktop\showdown-lite\dist\lib\process-manager.js:471:50)
    at ChildProcess.emit (node:events:518:28)
    at ChildProcess.emit (node:domain:488:12)
    at finish (node:internal/child_process:935:14)
    at process.processTicksAndRejections (node:internal/process/task_queues:77:11)

Error [ERR_IPC_DISCONNECTED]: IPC channel is already disconnected
    at target.disconnect (node:internal/child_process:905:26)
    at QueryProcessWrapper.destroy (C:\Users\Miki Brock\Desktop\showdown-lite\dist\lib\process-manager.js:209:18)
    at QueryProcessWrapper.release (C:\Users\Miki Brock\Desktop\showdown-lite\dist\lib\process-manager.js:197:12)
    at SQLDatabaseManager.releaseCrashed (C:\Users\Miki Brock\Desktop\showdown-lite\dist\lib\process-manager.js:412:19)
    at ChildProcess.<anonymous> (C:\Users\Miki Brock\Desktop\showdown-lite\dist\lib\process-manager.js:471:50)
    at ChildProcess.emit (node:events:518:28)
    at ChildProcess.emit (node:domain:488:12)
    at finish (node:internal/child_process:935:14)
    at process.processTicksAndRejections (node:internal/process/task_queues:77:11)

Error [ERR_IPC_DISCONNECTED]: IPC channel is already disconnected
    at target.disconnect (node:internal/child_process:905:26)
    at QueryProcessWrapper.destroy (C:\Users\Miki Brock\Desktop\showdown-lite\dist\lib\process-manager.js:209:18)
    at QueryProcessWrapper.release (C:\Users\Miki Brock\Desktop\showdown-lite\dist\lib\process-manager.js:197:12)
    at QueryProcessManager.releaseCrashed (C:\Users\Miki Brock\Desktop\showdown-lite\dist\lib\process-manager.js:412:19)
    at ChildProcess.<anonymous> (C:\Users\Miki Brock\Desktop\showdown-lite\dist\lib\process-manager.js:471:50)
    at ChildProcess.emit (node:events:518:28)
    at ChildProcess.emit (node:domain:488:12)
    at finish (node:internal/child_process:935:14)
    at process.processTicksAndRejections (node:internal/process/task_queues:77:11)

Error [ERR_IPC_DISCONNECTED]: IPC channel is already disconnected
    at target.disconnect (node:internal/child_process:905:26)
    at QueryProcessWrapper.destroy (C:\Users\Miki Brock\Desktop\showdown-lite\dist\lib\process-manager.js:209:18)
    at QueryProcessWrapper.release (C:\Users\Miki Brock\Desktop\showdown-lite\dist\lib\process-manager.js:197:12)
    at QueryProcessManager.releaseCrashed (C:\Users\Miki Brock\Desktop\showdown-lite\dist\lib\process-manager.js:412:19)
    at ChildProcess.<anonymous> (C:\Users\Miki Brock\Desktop\showdown-lite\dist\lib\process-manager.js:471:50)
    at ChildProcess.emit (node:events:518:28)
    at ChildProcess.emit (node:domain:488:12)
    at finish (node:internal/child_process:935:14)
    at process.processTicksAndRejections (node:internal/process/task_queues:77:11)

TypeError: Cannot read properties of null (reading 'then')
    at RawProcessManager.releaseCrashed (C:\Users\Miki Brock\Desktop\showdown-lite\dist\lib\process-manager.js:412:28)
    at Worker.<anonymous> (C:\Users\Miki Brock\Desktop\showdown-lite\dist\lib\process-manager.js:471:50)
    at Worker.emit (node:events:518:28)
    at Worker.emit (node:domain:488:12)
    at ChildProcess.<anonymous> (node:internal/cluster/primary:209:12)
    at Object.onceWrapper (node:events:632:28)
    at ChildProcess.emit (node:events:518:28)
    at ChildProcess.emit (node:domain:488:12)
    at finish (node:internal/child_process:935:14)
    at process.processTicksAndRejections (node:internal/process/task_queues:77:11)

Error [ERR_IPC_DISCONNECTED]: IPC channel is already disconnected
    at target.disconnect (node:internal/child_process:905:26)
    at QueryProcessWrapper.destroy (C:\Users\Miki Brock\Desktop\showdown-lite\dist\lib\process-manager.js:209:18)
    at QueryProcessWrapper.release (C:\Users\Miki Brock\Desktop\showdown-lite\dist\lib\process-manager.js:197:12)
    at QueryProcessManager.releaseCrashed (C:\Users\Miki Brock\Desktop\showdown-lite\dist\lib\process-manager.js:412:19)
    at ChildProcess.<anonymous> (C:\Users\Miki Brock\Desktop\showdown-lite\dist\lib\process-manager.js:471:50)
    at ChildProcess.emit (node:events:518:28)
    at ChildProcess.emit (node:domain:488:12)
    at finish (node:internal/child_process:935:14)
    at process.processTicksAndRejections (node:internal/process/task_queues:77:11)

Error [ERR_IPC_DISCONNECTED]: IPC channel is already disconnected
    at target.disconnect (node:internal/child_process:905:26)
    at StreamProcessWrapper.destroy (C:\Users\Miki Brock\Desktop\showdown-lite\dist\lib\process-manager.js:310:18)
    at StreamProcessWrapper.release (C:\Users\Miki Brock\Desktop\showdown-lite\dist\lib\process-manager.js:298:17)
    at StreamProcessManager.releaseCrashed (C:\Users\Miki Brock\Desktop\showdown-lite\dist\lib\process-manager.js:412:19)
    at ChildProcess.<anonymous> (C:\Users\Miki Brock\Desktop\showdown-lite\dist\lib\process-manager.js:471:50)
    at ChildProcess.emit (node:events:518:28)
    at ChildProcess.emit (node:domain:488:12)
    at finish (node:internal/child_process:935:14)
    at process.processTicksAndRejections (node:internal/process/task_queues:77:11)

Error [ERR_IPC_DISCONNECTED]: IPC channel is already disconnected
    at target.disconnect (node:internal/child_process:905:26)
    at QueryProcessWrapper.destroy (C:\Users\Miki Brock\Desktop\showdown-lite\dist\lib\process-manager.js:209:18)
    at QueryProcessWrapper.release (C:\Users\Miki Brock\Desktop\showdown-lite\dist\lib\process-manager.js:197:12)
    at SQLDatabaseManager.releaseCrashed (C:\Users\Miki Brock\Desktop\showdown-lite\dist\lib\process-manager.js:412:19)
    at ChildProcess.<anonymous> (C:\Users\Miki Brock\Desktop\showdown-lite\dist\lib\process-manager.js:471:50)
    at ChildProcess.emit (node:events:518:28)
    at ChildProcess.emit (node:domain:488:12)
    at finish (node:internal/child_process:935:14)
    at process.processTicksAndRejections (node:internal/process/task_queues:77:11)

Error [ERR_IPC_DISCONNECTED]: IPC channel is already disconnected
    at target.disconnect (node:internal/child_process:905:26)
    at QueryProcessWrapper.destroy (C:\Users\Miki Brock\Desktop\showdown-lite\dist\lib\process-manager.js:209:18)
    at QueryProcessWrapper.release (C:\Users\Miki Brock\Desktop\showdown-lite\dist\lib\process-manager.js:197:12)
    at QueryProcessManager.releaseCrashed (C:\Users\Miki Brock\Desktop\showdown-lite\dist\lib\process-manager.js:412:19)
    at ChildProcess.<anonymous> (C:\Users\Miki Brock\Desktop\showdown-lite\dist\lib\process-manager.js:471:50)
    at ChildProcess.emit (node:events:518:28)
    at ChildProcess.emit (node:domain:488:12)
    at finish (node:internal/child_process:935:14)
    at process.processTicksAndRejections (node:internal/process/task_queues:77:11)

Error [ERR_IPC_DISCONNECTED]: IPC channel is already disconnected
    at target.disconnect (node:internal/child_process:905:26)
    at StreamProcessWrapper.destroy (C:\Users\Miki Brock\Desktop\showdown-lite\dist\lib\process-manager.js:310:18)
    at StreamProcessWrapper.release (C:\Users\Miki Brock\Desktop\showdown-lite\dist\lib\process-manager.js:298:17)
    at StreamProcessManager.releaseCrashed (C:\Users\Miki Brock\Desktop\showdown-lite\dist\lib\process-manager.js:412:19)
    at ChildProcess.<anonymous> (C:\Users\Miki Brock\Desktop\showdown-lite\dist\lib\process-manager.js:471:50)
    at ChildProcess.emit (node:events:518:28)
    at ChildProcess.emit (node:domain:488:12)
    at finish (node:internal/child_process:935:14)
    at process.processTicksAndRejections (node:internal/process/task_queues:77:11)

Error [ERR_IPC_DISCONNECTED]: IPC channel is already disconnected
    at target.disconnect (node:internal/child_process:905:26)
    at QueryProcessWrapper.destroy (C:\Users\Miki Brock\Desktop\showdown-lite\dist\lib\process-manager.js:209:18)
    at QueryProcessWrapper.release (C:\Users\Miki Brock\Desktop\showdown-lite\dist\lib\process-manager.js:197:12)
    at QueryProcessManager.releaseCrashed (C:\Users\Miki Brock\Desktop\showdown-lite\dist\lib\process-manager.js:412:19)
    at ChildProcess.<anonymous> (C:\Users\Miki Brock\Desktop\showdown-lite\dist\lib\process-manager.js:471:50)
    at ChildProcess.emit (node:events:518:28)
    at ChildProcess.emit (node:domain:488:12)
    at finish (node:internal/child_process:935:14)
    at process.processTicksAndRejections (node:internal/process/task_queues:77:11)
